Microchip MPLAB XC8 Compiler V2.32

Linker command line:

-W-3 --edf=C:\Program Files\Microchip\xc8\v2.32\pic\dat\en_msgs.txt -cn \
  -h+dist/default/production\7segLed.X.production.sym \
  --cmf=dist/default/production\7segLed.X.production.cmf -z -Q16F1769 \
  -oC:\Users\81809\AppData\Local\Temp\xcAshd8.4 --defsym=__MPLAB_BUILD=1 \
  -Mdist/default/production/7segLed.X.production.map -E1 -ver=XC8 Compiler \
  --acfsm=1493 -ASTACK=0203Ah-023EFh -pstack=STACK -ACODE=00h-07FFhx4 \
  -ASTRCODE=00h-01FFFh -ASTRING=00h-0FFhx32 -ACONST=00h-0FFhx32 \
  -AENTRY=00h-0FFhx32 -ACOMMON=070h-07Fh -ABANK0=020h-06Fh \
  -ABANK1=0A0h-0EFh -ABANK2=0120h-016Fh -ABANK3=01A0h-01EFh \
  -ABANK4=0220h-026Fh -ABANK5=02A0h-02EFh -ABANK6=0320h-036Fh \
  -ABANK7=03A0h-03EFh -ABANK8=0420h-046Fh -ABANK9=04A0h-04EFh \
  -ABANK10=0520h-056Fh -ABANK11=05A0h-05EFh -ABANK12=0620h-064Fh \
  -ABIGRAM=02000h-023EFh \
  -ARAM=020h-06Fh,0A0h-0EFh,0120h-016Fh,01A0h-01EFh,0220h-026Fh,02A0h-02EFh,0320h-036Fh,03A0h-03EFh,0420h-046Fh,04A0h-04EFh,0520h-056Fh,05A0h-05EFh,0620h-064Fh \
  -AABS1=020h-07Fh,0A0h-0EFh,0120h-016Fh,01A0h-01EFh,0220h-026Fh,02A0h-02EFh,0320h-036Fh,03A0h-03EFh,0420h-046Fh,04A0h-04EFh,0520h-056Fh,05A0h-05EFh,0620h-064Fh \
  -ASFR0=00h-01Fh -ASFR1=080h-09Fh -ASFR2=0100h-011Fh -ASFR3=0180h-019Fh \
  -ASFR4=0200h-021Fh -ASFR5=0280h-029Fh -ASFR6=0300h-031Fh \
  -ASFR7=0380h-039Fh -ASFR8=0400h-041Fh -ASFR9=0480h-049Fh \
  -ASFR10=0500h-051Fh -ASFR11=0580h-059Fh -ASFR12=0600h-061Fh \
  -ASFR13=0680h-06EFh -ASFR14=0700h-076Fh -ASFR15=0780h-07EFh \
  -ASFR16=0800h-086Fh -ASFR17=0880h-08EFh -ASFR18=0900h-096Fh \
  -ASFR19=0980h-09EFh -ASFR20=0A00h-0A6Fh -ASFR21=0A80h-0AEFh \
  -ASFR22=0B00h-0B6Fh -ASFR23=0B80h-0BEFh -ASFR24=0C00h-0C6Fh \
  -ASFR25=0C80h-0CEFh -ASFR26=0D00h-0D6Fh -ASFR27=0D80h-0DEFh \
  -ASFR28=0E00h-0E6Fh -ASFR29=0E80h-0EEFh -ASFR30=0F00h-0F6Fh \
  -ASFR31=0F80h-0FEFh -ACONFIG=08007h-08008h -DCONFIG=2 \
  -AIDLOC=08000h-08003h -DIDLOC=2 -DCODE=2 -DSTRCODE=2 -DSTRING=2 -DCONST=2 \
  -DENTRY=2 -preset_vec=00h,intentry,init,end_init -ppowerup=CODE \
  -pcinit=CODE -pfunctab=ENTRY -k \
  C:\Users\81809\AppData\Local\Temp\xcAshd8.o \
  dist/default/production\7segLed.X.production.o 

Object code version is 3.11

Machine type is 16F1769



                Name                               Link     Load   Length Selector   Space Scale
C:\Users\81809\AppData\Local\Temp\xcAshd8.o
                end_init                              2        2        2        0       0
                reset_vec                             0        0        2        0       0
                config                             8007     8007        2        0       4
dist/default/production\7segLed.X.production.o
                cinit                               7FB      7FB        5      FF6       0
                config                             8007     8007        2        0       4
                text29                              25D      25D        F      4BA       0
                text28                              1FC      1FC        A      3F8       0
                text27                              1BB      1BB        5      376       0
                text26                              1C0      1C0        6      380       0
                text25                              1C6      1C6        6      38C       0
                text24                              1CC      1CC        6      398       0
                text23                              27E      27E       22      4FC       0
                text22                              1D9      1D9        8      3B2       0
                text21                              2C5      2C5       31      58A       0
                text20                              1B7      1B7        4      36E       0
                text19                              250      250        D      4A0       0
                text18                              422      422       5F      844       0
                text17                              375      375       54      6EA       0
                text16                              26C      26C       12      4D8       0
                text15                              1E1      1E1        9      3C2       0
                text14                              2F6      2F6       3D      5EC       0
                text13                              244      244        C      488       0
                text12                              206      206        A      40C       0
                text11                              1EA      1EA        9      3D4       0
                text10                              210      210        A      420       0
                text9                               1D2      1D2        7      3A4       0
                text8                               1F3      1F3        9      3E6       0
                text7                               22E      22E        B      45C       0
                text6                               21A      21A        A      434       0
                text5                               224      224        A      448       0
                text4                               239      239        B      472       0
                text3                               3C9      3C9       59      792       0
                text2                               2A0      2A0       25      540       0
                text1                               481      481      37A      902       0
                maintext                            333      333       42      666       0
                cstackBANK0                          20       20       33       20       1
                cstackCOMMON                         70       70        E       70       1
                bssBANK0                             59       59        1       20       1
                nvBANK0                              53       53        6       20       1

TOTAL           Name                               Link     Load   Length     Space
        CLASS   STACK          

        CLASS   CODE           
                end_init                              2        2        2         0
                cinit                               7FB      7FB        5         0
                reset_vec                             0        0        2         0
                text29                              25D      25D        F         0
                text28                              1FC      1FC        A         0
                text27                              1BB      1BB        5         0
                text26                              1C0      1C0        6         0
                text25                              1C6      1C6        6         0
                text24                              1CC      1CC        6         0
                text23                              27E      27E       22         0
                text22                              1D9      1D9        8         0
                text21                              2C5      2C5       31         0
                text20                              1B7      1B7        4         0
                text19                              250      250        D         0
                text18                              422      422       5F         0
                text17                              375      375       54         0
                text16                              26C      26C       12         0
                text15                              1E1      1E1        9         0
                text14                              2F6      2F6       3D         0
                text13                              244      244        C         0
                text12                              206      206        A         0
                text11                              1EA      1EA        9         0
                text10                              210      210        A         0
                text9                               1D2      1D2        7         0
                text8                               1F3      1F3        9         0
                text7                               22E      22E        B         0
                text6                               21A      21A        A         0
                text5                               224      224        A         0
                text4                               239      239        B         0
                text3                               3C9      3C9       59         0
                text2                               2A0      2A0       25         0
                text1                               481      481      37A         0
                maintext                            333      333       42         0

        CLASS   STRCODE        

        CLASS   STRING         

        CLASS   CONST          

        CLASS   ENTRY          

        CLASS   COMMON         
                cstackCOMMON                         70       70        E         1

        CLASS   BANK0          
                cstackBANK0                          20       20       33         1
                bssBANK0                             59       59        1         1
                nvBANK0                              53       53        6         1

        CLASS   BANK1          

        CLASS   BANK2          

        CLASS   BANK3          

        CLASS   BANK4          

        CLASS   BANK5          

        CLASS   BANK6          

        CLASS   BANK7          

        CLASS   BANK8          

        CLASS   BANK9          

        CLASS   BANK10         

        CLASS   BANK11         

        CLASS   BANK12         

        CLASS   BIGRAM         

        CLASS   RAM            

        CLASS   ABS1           
                abs_s1                               7E       7E        2         1

        CLASS   SFR0           

        CLASS   SFR1           

        CLASS   SFR2           

        CLASS   SFR3           

        CLASS   SFR4           

        CLASS   SFR5           

        CLASS   SFR6           

        CLASS   SFR7           

        CLASS   SFR8           

        CLASS   SFR9           

        CLASS   SFR10          

        CLASS   SFR11          

        CLASS   SFR12          

        CLASS   SFR13          

        CLASS   SFR14          

        CLASS   SFR15          

        CLASS   SFR16          

        CLASS   SFR17          

        CLASS   SFR18          

        CLASS   SFR19          

        CLASS   SFR20          

        CLASS   SFR21          

        CLASS   SFR22          

        CLASS   SFR23          

        CLASS   SFR24          

        CLASS   SFR25          

        CLASS   SFR26          

        CLASS   SFR27          

        CLASS   SFR28          

        CLASS   SFR29          

        CLASS   SFR30          

        CLASS   SFR31          

        CLASS   CONFIG         
                config                             8007     8007        2         4

        CLASS   IDLOC          

        CLASS   BANK31         

        CLASS   BANK30         

        CLASS   BANK29         

        CLASS   BANK28         

        CLASS   BANK27         

        CLASS   BANK26         

        CLASS   BANK25         

        CLASS   BANK24         

        CLASS   BANK23         

        CLASS   BANK22         

        CLASS   BANK21         

        CLASS   BANK20         

        CLASS   BANK19         

        CLASS   BANK18         

        CLASS   BANK17         

        CLASS   BANK16         

        CLASS   BANK15         

        CLASS   BANK14         

        CLASS   BANK13         

        CLASS   EEDATA         



SEGMENTS        Name                           Load    Length   Top    Selector   Space  Class     Delta

                reset_vec                      000000  000004  000004         0       0  CODE        2
                cstackBANK0                    000020  00003A  00005A        20       1  BANK0       1
                cstackCOMMON                   000070  00000E  00007E        70       1  COMMON      1
                text20                         0001B7  000004  0001BB       36E       0  CODE        2
                text27                         0001BB  000005  0001C0       376       0  CODE        2
                text26                         0001C0  000006  0001C6       380       0  CODE        2
                text25                         0001C6  000006  0001CC       38C       0  CODE        2
                text24                         0001CC  000006  0001D2       398       0  CODE        2
                text9                          0001D2  000007  0001D9       3A4       0  CODE        2
                text22                         0001D9  000008  0001E1       3B2       0  CODE        2
                text15                         0001E1  000009  0001EA       3C2       0  CODE        2
                text11                         0001EA  000009  0001F3       3D4       0  CODE        2
                text8                          0001F3  000009  0001FC       3E6       0  CODE        2
                text28                         0001FC  00000A  000206       3F8       0  CODE        2
                text12                         000206  00000A  000210       40C       0  CODE        2
                text10                         000210  00000A  00021A       420       0  CODE        2
                text6                          00021A  00000A  000224       434       0  CODE        2
                text5                          000224  00000A  00022E       448       0  CODE        2
                text7                          00022E  00000B  000239       45C       0  CODE        2
                text4                          000239  00000B  000244       472       0  CODE        2
                text13                         000244  00000C  000250       488       0  CODE        2
                text19                         000250  00000D  00025D       4A0       0  CODE        2
                text29                         00025D  00000F  00026C       4BA       0  CODE        2
                text16                         00026C  000012  00027E       4D8       0  CODE        2
                text23                         00027E  000022  0002A0       4FC       0  CODE        2
                text2                          0002A0  000025  0002C5       540       0  CODE        2
                text21                         0002C5  000031  0002F6       58A       0  CODE        2
                text14                         0002F6  00003D  000333       5EC       0  CODE        2
                maintext                       000333  000042  000375       666       0  CODE        2
                text17                         000375  000054  0003C9       6EA       0  CODE        2
                text3                          0003C9  000059  000422       792       0  CODE        2
                text18                         000422  00005F  000481       844       0  CODE        2
                text1                          000481  00037A  0007FB       902       0  CODE        2
                cinit                          0007FB  000005  000800       FF6       0  CODE        2


UNUSED ADDRESS RANGES

        Name                Unused          Largest block    Delta
        BANK0            0005A-0006F              16           1
        BANK1            000A0-000EF              50           1
        BANK10           00520-0056F              50           1
        BANK11           005A0-005EF              50           1
        BANK12           00620-0064F              30           1
        BANK2            00120-0016F              50           1
        BANK3            001A0-001EF              50           1
        BANK4            00220-0026F              50           1
        BANK5            002A0-002EF              50           1
        BANK6            00320-0036F              50           1
        BANK7            003A0-003EF              50           1
        BANK8            00420-0046F              50           1
        BANK9            004A0-004EF              50           1
        BIGRAM           02000-023EF             3F0           1
        CODE             00004-001B6             1B3           2
                         00800-01FFF             800
        CONST            00004-001B6              FC           2
                         00800-01FFF             100
        ENTRY            00004-001B6              FC           2
                         00800-01FFF             100
        IDLOC            08000-08003               4           2
        RAM              0005A-0006F              16           1
                         000A0-000EF              50
                         00120-0016F              50
                         001A0-001EF              50
                         00220-0026F              50
                         002A0-002EF              50
                         00320-0036F              50
                         003A0-003EF              50
                         00420-0046F              50
                         004A0-004EF              50
                         00520-0056F              50
                         005A0-005EF              50
                         00620-0064F              30
        SFR0             00000-0001F              20           1
        SFR1             00080-0009F              20           1
        SFR10            00500-0051F              20           1
        SFR11            00580-0059F              20           1
        SFR12            00600-0061F              20           1
        SFR13            00680-006EF              70           1
        SFR14            00700-0076F              70           1
        SFR15            00780-007EF              70           1
        SFR16            00800-0086F              70           1
        SFR17            00880-008EF              70           1
        SFR18            00900-0096F              70           1
        SFR19            00980-009EF              70           1
        SFR2             00100-0011F              20           1
        SFR20            00A00-00A6F              70           1
        SFR21            00A80-00AEF              70           1
        SFR22            00B00-00B6F              70           1
        SFR23            00B80-00BEF              70           1
        SFR24            00C00-00C6F              70           1
        SFR25            00C80-00CEF              70           1
        SFR26            00D00-00D6F              70           1
        SFR27            00D80-00DEF              70           1
        SFR28            00E00-00E6F              70           1
        SFR29            00E80-00EEF              70           1
        SFR3             00180-0019F              20           1
        SFR30            00F00-00F6F              70           1
        SFR31            00F80-00FEF              70           1
        SFR4             00200-0021F              20           1
        SFR5             00280-0029F              20           1
        SFR6             00300-0031F              20           1
        SFR7             00380-0039F              20           1
        SFR8             00400-0041F              20           1
        SFR9             00480-0049F              20           1
        STACK            0203A-023EF             3B6           1
        STRCODE          00004-001B6             1B3           2
                         00800-01FFF            1800
        STRING           00004-001B6              FC           2
                         00800-01FFF             100

                                  Symbol Table

?___awdiv                                      cstackCOMMON 00070
?___awmod                                      cstackCOMMON 00079
DELAY_milliseconds@milliseconds                cstackCOMMON 00070
EUSART_SetErrorHandler@interruptHandler        cstackCOMMON 00070
EUSART_SetFramingErrorHandler@interruptHandler cstackCOMMON 00070
EUSART_SetOverrunErrorHandler@interruptHandler cstackCOMMON 00070
EUSART_Write@txData                            cstackCOMMON 00070
_ANSELA                                        (abs)        0018C
_ANSELB                                        (abs)        0018D
_ANSELC                                        (abs)        0018E
_BAUD1CON                                      (abs)        0019F
_BORCON                                        (abs)        0021D
_DELAY_milliseconds                            text16       0026C
_EUSART_DefaultErrorHandler                    (abs)        00000
_EUSART_DefaultFramingErrorHandler             (abs)        00000
_EUSART_DefaultOverrunErrorHandler             (abs)        00000
_EUSART_ErrorHandler                           nvBANK0      00053
_EUSART_FramingErrorHandler                    nvBANK0      00057
_EUSART_Initialize                             text23       0027E
_EUSART_OverrunErrorHandler                    nvBANK0      00055
_EUSART_Read                                   text29       0025D
_EUSART_SetErrorHandler                        text26       001C0
_EUSART_SetFramingErrorHandler                 text25       001C6
_EUSART_SetOverrunErrorHandler                 text24       001CC
_EUSART_Write                                  text28       001FC
_EUSART_is_rx_ready                            text27       001BB
_INLVLA                                        (abs)        0038C
_INLVLB                                        (abs)        0038D
_INLVLC                                        (abs)        0038E
_LATA                                          (abs)        0010C
_LATAbits                                      (abs)        0010C
_LATB                                          (abs)        0010D
_LATBbits                                      (abs)        0010D
_LATC                                          (abs)        0010E
_LATCbits                                      (abs)        0010E
_ODCONA                                        (abs)        0028C
_ODCONB                                        (abs)        0028D
_ODCONC                                        (abs)        0028E
_OPTION_REGbits                                (abs)        00095
_OSCCON                                        (abs)        00099
_OSCILLATOR_Initialize                         text22       001D9
_OSCSTAT                                       (abs)        0009A
_OSCTUNE                                       (abs)        00098
_PIN_MANAGER_Initialize                        text21       002C5
_PIR1bits                                      (abs)        00011
_RB4PPS                                        (abs)        00E9C
_RC1REG                                        (abs)        00199
_RC1STA                                        (abs)        0019D
_RC1STAbits                                    (abs)        0019D
_RXPPS                                         (abs)        00E24
_SLRCONA                                       (abs)        0030C
_SLRCONB                                       (abs)        0030D
_SLRCONC                                       (abs)        0030E
_SPBRGH                                        (abs)        0019C
_SPBRGL                                        (abs)        0019B
_SYSTEM_Initialize                             text19       00250
_TRISA                                         (abs)        0008C
_TRISB                                         (abs)        0008D
_TRISC                                         (abs)        0008E
_TX1REG                                        (abs)        0019A
_TX1STA                                        (abs)        0019E
_TX1STAbits                                    (abs)        0019E
_WDTCON                                        (abs)        00097
_WDT_Initialize                                text20       001B7
_WPUA                                          (abs)        0020C
_WPUB                                          (abs)        0020D
_WPUC                                          (abs)        0020E
__Habs1                                        abs1         00000
__Hbank0                                       bank0        00000
__Hbank1                                       bank1        00000
__Hbank10                                      bank10       00000
__Hbank11                                      bank11       00000
__Hbank12                                      bank12       00000
__Hbank13                                      bank13       00000
__Hbank14                                      bank14       00000
__Hbank15                                      bank15       00000
__Hbank16                                      bank16       00000
__Hbank17                                      bank17       00000
__Hbank18                                      bank18       00000
__Hbank19                                      bank19       00000
__Hbank2                                       bank2        00000
__Hbank20                                      bank20       00000
__Hbank21                                      bank21       00000
__Hbank22                                      bank22       00000
__Hbank23                                      bank23       00000
__Hbank24                                      bank24       00000
__Hbank25                                      bank25       00000
__Hbank26                                      bank26       00000
__Hbank27                                      bank27       00000
__Hbank28                                      bank28       00000
__Hbank29                                      bank29       00000
__Hbank3                                       bank3        00000
__Hbank30                                      bank30       00000
__Hbank31                                      bank31       00000
__Hbank4                                       bank4        00000
__Hbank5                                       bank5        00000
__Hbank6                                       bank6        00000
__Hbank7                                       bank7        00000
__Hbank8                                       bank8        00000
__Hbank9                                       bank9        00000
__Hbigram                                      bigram       00000
__HbssBANK0                                    bssBANK0     00000
__Hcinit                                       cinit        00800
__Hclrtext                                     clrtext      00000
__Hcode                                        code         00000
__Hcommon                                      common       00000
__Hconfig                                      config       08009
__HcstackBANK0                                 cstackBANK0  00000
__HcstackCOMMON                                cstackCOMMON 00000
__Heeprom_data                                 eeprom_data  00000
__Hend_init                                    end_init     00004
__Hfunctab                                     functab      00000
__Hinit                                        init         00002
__Hintentry                                    intentry     00002
__Hmaintext                                    maintext     00000
__HnvBANK0                                     nvBANK0      00000
__Hpowerup                                     powerup      00000
__Hram                                         ram          00000
__Hreset_vec                                   reset_vec    00002
__Hsfr0                                        sfr0         00000
__Hsfr1                                        sfr1         00000
__Hsfr10                                       sfr10        00000
__Hsfr11                                       sfr11        00000
__Hsfr12                                       sfr12        00000
__Hsfr13                                       sfr13        00000
__Hsfr14                                       sfr14        00000
__Hsfr15                                       sfr15        00000
__Hsfr16                                       sfr16        00000
__Hsfr17                                       sfr17        00000
__Hsfr18                                       sfr18        00000
__Hsfr19                                       sfr19        00000
__Hsfr2                                        sfr2         00000
__Hsfr20                                       sfr20        00000
__Hsfr21                                       sfr21        00000
__Hsfr22                                       sfr22        00000
__Hsfr23                                       sfr23        00000
__Hsfr24                                       sfr24        00000
__Hsfr25                                       sfr25        00000
__Hsfr26                                       sfr26        00000
__Hsfr27                                       sfr27        00000
__Hsfr28                                       sfr28        00000
__Hsfr29                                       sfr29        00000
__Hsfr3                                        sfr3         00000
__Hsfr30                                       sfr30        00000
__Hsfr31                                       sfr31        00000
__Hsfr4                                        sfr4         00000
__Hsfr5                                        sfr5         00000
__Hsfr6                                        sfr6         00000
__Hsfr7                                        sfr7         00000
__Hsfr8                                        sfr8         00000
__Hsfr9                                        sfr9         00000
__Hspace_0                                     (abs)        00800
__Hspace_1                                     (abs)        0007E
__Hspace_2                                     (abs)        00000
__Hspace_3                                     (abs)        00000
__Hspace_4                                     (abs)        10010
__Hstack                                       stack        00000
__Hstrings                                     strings      00000
__Htext                                        text         00000
__Labs1                                        abs1         00000
__Lbank0                                       bank0        00000
__Lbank1                                       bank1        00000
__Lbank10                                      bank10       00000
__Lbank11                                      bank11       00000
__Lbank12                                      bank12       00000
__Lbank13                                      bank13       00000
__Lbank14                                      bank14       00000
__Lbank15                                      bank15       00000
__Lbank16                                      bank16       00000
__Lbank17                                      bank17       00000
__Lbank18                                      bank18       00000
__Lbank19                                      bank19       00000
__Lbank2                                       bank2        00000
__Lbank20                                      bank20       00000
__Lbank21                                      bank21       00000
__Lbank22                                      bank22       00000
__Lbank23                                      bank23       00000
__Lbank24                                      bank24       00000
__Lbank25                                      bank25       00000
__Lbank26                                      bank26       00000
__Lbank27                                      bank27       00000
__Lbank28                                      bank28       00000
__Lbank29                                      bank29       00000
__Lbank3                                       bank3        00000
__Lbank30                                      bank30       00000
__Lbank31                                      bank31       00000
__Lbank4                                       bank4        00000
__Lbank5                                       bank5        00000
__Lbank6                                       bank6        00000
__Lbank7                                       bank7        00000
__Lbank8                                       bank8        00000
__Lbank9                                       bank9        00000
__Lbigram                                      bigram       00000
__LbssBANK0                                    bssBANK0     00000
__Lcinit                                       cinit        007FB
__Lclrtext                                     clrtext      00000
__Lcode                                        code         00000
__Lcommon                                      common       00000
__Lconfig                                      config       00000
__LcstackBANK0                                 cstackBANK0  00000
__LcstackCOMMON                                cstackCOMMON 00000
__Leeprom_data                                 eeprom_data  00000
__Lend_init                                    end_init     00002
__Lfunctab                                     functab      00000
__Linit                                        init         00002
__Lintentry                                    intentry     00002
__Lmaintext                                    maintext     00000
__LnvBANK0                                     nvBANK0      00000
__Lpowerup                                     powerup      00000
__Lram                                         ram          00000
__Lreset_vec                                   reset_vec    00000
__Lsfr0                                        sfr0         00000
__Lsfr1                                        sfr1         00000
__Lsfr10                                       sfr10        00000
__Lsfr11                                       sfr11        00000
__Lsfr12                                       sfr12        00000
__Lsfr13                                       sfr13        00000
__Lsfr14                                       sfr14        00000
__Lsfr15                                       sfr15        00000
__Lsfr16                                       sfr16        00000
__Lsfr17                                       sfr17        00000
__Lsfr18                                       sfr18        00000
__Lsfr19                                       sfr19        00000
__Lsfr2                                        sfr2         00000
__Lsfr20                                       sfr20        00000
__Lsfr21                                       sfr21        00000
__Lsfr22                                       sfr22        00000
__Lsfr23                                       sfr23        00000
__Lsfr24                                       sfr24        00000
__Lsfr25                                       sfr25        00000
__Lsfr26                                       sfr26        00000
__Lsfr27                                       sfr27        00000
__Lsfr28                                       sfr28        00000
__Lsfr29                                       sfr29        00000
__Lsfr3                                        sfr3         00000
__Lsfr30                                       sfr30        00000
__Lsfr31                                       sfr31        00000
__Lsfr4                                        sfr4         00000
__Lsfr5                                        sfr5         00000
__Lsfr6                                        sfr6         00000
__Lsfr7                                        sfr7         00000
__Lsfr8                                        sfr8         00000
__Lsfr9                                        sfr9         00000
__Lspace_0                                     (abs)        00000
__Lspace_1                                     (abs)        00000
__Lspace_2                                     (abs)        00000
__Lspace_3                                     (abs)        00000
__Lspace_4                                     (abs)        00000
__Lstack                                       stack        00000
__Lstrings                                     strings      00000
__Ltext                                        text         00000
__S0                                           (abs)        00800
__S1                                           (abs)        0007E
__S2                                           (abs)        00000
___awdiv                                       text18       00422
___awdiv@counter                               cstackCOMMON 00075
___awdiv@dividend                              cstackCOMMON 00072
___awdiv@divisor                               cstackCOMMON 00070
___awdiv@quotient                              cstackCOMMON 00077
___awdiv@sign                                  cstackCOMMON 00076
___awmod                                       text17       00375
___awmod@counter                               cstackBANK0  00020
___awmod@dividend                              cstackCOMMON 0007B
___awmod@divisor                               cstackCOMMON 00079
___awmod@sign                                  cstackBANK0  00021
___int_sp                                      stack        00000
___latbits                                     (abs)        00002
___sp                                          stack        00000
___stackhi                                     (abs)        023EF
___stacklo                                     (abs)        0203A
__end_of_DELAY_milliseconds                    text16       0027E
__end_of_EUSART_Initialize                     text23       002A0
__end_of_EUSART_Read                           text29       0026C
__end_of_EUSART_SetErrorHandler                text26       001C6
__end_of_EUSART_SetFramingErrorHandler         text25       001CC
__end_of_EUSART_SetOverrunErrorHandler         text24       001D2
__end_of_EUSART_Write                          text28       00206
__end_of_EUSART_is_rx_ready                    text27       001C0
__end_of_OSCILLATOR_Initialize                 text22       001E1
__end_of_PIN_MANAGER_Initialize                text21       002F6
__end_of_SYSTEM_Initialize                     text19       0025D
__end_of_WDT_Initialize                        text20       001BB
__end_of___awdiv                               text18       00481
__end_of___awmod                               text17       003C9
__end_of__initialization                       cinit        007FD
__end_of_displayClear                          text15       001EA
__end_of_displayEight                          text13       00250
__end_of_displayFive                           text12       00210
__end_of_displayFour                           text11       001F3
__end_of_displayLotteryResult                  text1        007FB
__end_of_displayNine                           text10       0021A
__end_of_displayOne                            text9        001D9
__end_of_displayRoll                           text14       00333
__end_of_displaySegments                       text3        00422
__end_of_displaySeven                          text8        001FC
__end_of_displaySix                            text7        00239
__end_of_displayThree                          text6        00224
__end_of_displayTwo                            text5        0022E
__end_of_displayZero                           text4        00244
__end_of_main                                  maintext     00375
__end_of_selectDIG                             text2        002C5
__initialization                               cinit        007FB
__pbssBANK0                                    bssBANK0     00059
__pcstackBANK0                                 cstackBANK0  00020
__pcstackCOMMON                                cstackCOMMON 00070
__pmaintext                                    maintext     00333
__pnvBANK0                                     nvBANK0      00053
__ptext1                                       text1        00481
__ptext10                                      text10       00210
__ptext11                                      text11       001EA
__ptext12                                      text12       00206
__ptext13                                      text13       00244
__ptext14                                      text14       002F6
__ptext15                                      text15       001E1
__ptext16                                      text16       0026C
__ptext17                                      text17       00375
__ptext18                                      text18       00422
__ptext19                                      text19       00250
__ptext2                                       text2        002A0
__ptext20                                      text20       001B7
__ptext21                                      text21       002C5
__ptext22                                      text22       001D9
__ptext23                                      text23       0027E
__ptext24                                      text24       001CC
__ptext25                                      text25       001C6
__ptext26                                      text26       001C0
__ptext27                                      text27       001BB
__ptext28                                      text28       001FC
__ptext29                                      text29       0025D
__ptext3                                       text3        003C9
__ptext4                                       text4        00239
__ptext5                                       text5        00224
__ptext6                                       text6        0021A
__ptext7                                       text7        0022E
__ptext8                                       text8        001F3
__ptext9                                       text9        001D2
__size_of_DELAY_milliseconds                   (abs)        00000
__size_of_EUSART_Initialize                    (abs)        00000
__size_of_EUSART_Read                          (abs)        00000
__size_of_EUSART_SetErrorHandler               (abs)        00000
__size_of_EUSART_SetFramingErrorHandler        (abs)        00000
__size_of_EUSART_SetOverrunErrorHandler        (abs)        00000
__size_of_EUSART_Write                         (abs)        00000
__size_of_EUSART_is_rx_ready                   (abs)        00000
__size_of_OSCILLATOR_Initialize                (abs)        00000
__size_of_PIN_MANAGER_Initialize               (abs)        00000
__size_of_SYSTEM_Initialize                    (abs)        00000
__size_of_WDT_Initialize                       (abs)        00000
__size_of___awdiv                              (abs)        00000
__size_of___awmod                              (abs)        00000
__size_of_displayClear                         (abs)        00000
__size_of_displayEight                         (abs)        00000
__size_of_displayFive                          (abs)        00000
__size_of_displayFour                          (abs)        00000
__size_of_displayLotteryResult                 (abs)        00000
__size_of_displayNine                          (abs)        00000
__size_of_displayOne                           (abs)        00000
__size_of_displayRoll                          (abs)        00000
__size_of_displaySegments                      (abs)        00000
__size_of_displaySeven                         (abs)        00000
__size_of_displaySix                           (abs)        00000
__size_of_displayThree                         (abs)        00000
__size_of_displayTwo                           (abs)        00000
__size_of_displayZero                          (abs)        00000
__size_of_main                                 (abs)        00000
__size_of_selectDIG                            (abs)        00000
_displayClear                                  text15       001E1
_displayEight                                  text13       00244
_displayFive                                   text12       00206
_displayFour                                   text11       001EA
_displayLotteryResult                          text1        00481
_displayNine                                   text10       00210
_displayOne                                    text9        001D2
_displayRoll                                   text14       002F6
_displaySegments                               text3        003C9
_displaySeven                                  text8        001F3
_displaySix                                    text7        0022E
_displayThree                                  text6        0021A
_displayTwo                                    text5        00224
_displayZero                                   text4        00239
_eusartRxLastError                             bssBANK0     00059
_main                                          maintext     00333
_selectDIG                                     text2        002A0
btemp                                          (abs)        0007E
displayLotteryResult@dig_1                     cstackBANK0  00047
displayLotteryResult@dig_2                     cstackBANK0  0003B
displayLotteryResult@dig_3                     cstackBANK0  00027
displayLotteryResult@dig_4                     cstackBANK0  00025
displayLotteryResult@i                         cstackBANK0  0003D
displayLotteryResult@i_403                     cstackBANK0  00041
displayLotteryResult@i_408                     cstackBANK0  00043
displayLotteryResult@i_412                     cstackBANK0  00045
displayLotteryResult@j                         cstackBANK0  0003F
displayLotteryResult@j_405                     cstackBANK0  00049
displayLotteryResult@j_410                     cstackBANK0  0004B
displayLotteryResult@j_414                     cstackBANK0  0004D
displayLotteryResult@j_416                     cstackBANK0  0004F
displayLotteryResult@val                       cstackBANK0  00022
displayLotteryResult@wait_cnt                  cstackBANK0  0002B
displayLotteryResult@wait_cnt_404              cstackBANK0  0002F
displayLotteryResult@wait_cnt_409              cstackBANK0  00033
displayLotteryResult@wait_cnt_413              cstackBANK0  00037
displayLotteryResult@wait_cnt_415              cstackBANK0  00039
displayLotteryResult@x                         cstackBANK0  00029
displayLotteryResult@x_402                     cstackBANK0  0002D
displayLotteryResult@x_407                     cstackBANK0  00031
displayLotteryResult@x_411                     cstackBANK0  00035
displayRoll@cnt                                cstackCOMMON 00072
displaySegments@num                            cstackCOMMON 00072
end_of_initialization                          cinit        007FD
intlevel0                                      functab      00000
intlevel1                                      functab      00000
intlevel2                                      functab      00000
intlevel3                                      functab      00000
intlevel4                                      functab      00000
intlevel5                                      functab      00000
main@data                                      cstackBANK0  00052
reset_vec                                      reset_vec    00000
selectDIG@dig                                  cstackCOMMON 00070
start                                          init         00002
start_initialization                           cinit        007FB
wtemp0                                         (abs)        0007E


MODULE INFORMATION

Module		Function		Class		Link	Load	Size
C:\Program Files\Microchip\xc8\v2.32\pic\sources\c99\common\awdiv.c
		___awdiv       		CODE           	0422	0000	95

C:\Program Files\Microchip\xc8\v2.32\pic\sources\c99\common\awdiv.c estimated size: 95

mcc_generated_files/pin_manager.c
		_PIN_MANAGER_Initialize		CODE           	02C5	0000	49

mcc_generated_files/pin_manager.c estimated size: 49

shared
		__initialization		CODE           	07FB	0000	2

shared estimated size: 2

C:\Program Files\Microchip\xc8\v2.32\pic\sources\c99\common\awmod.c
		___awmod       		CODE           	0375	0000	84

C:\Program Files\Microchip\xc8\v2.32\pic\sources\c99\common\awmod.c estimated size: 84

mcc_generated_files/mcc.c
		_WDT_Initialize		CODE           	01B7	0000	4
		_OSCILLATOR_Initialize		CODE           	01D9	0000	8
		_SYSTEM_Initialize		CODE           	0250	0000	13

mcc_generated_files/mcc.c estimated size: 25

mcc_generated_files/delay.c
		_DELAY_milliseconds		CODE           	026C	0000	18

mcc_generated_files/delay.c estimated size: 18

mcc_generated_files/eusart.c
		_EUSART_Read   		CODE           	025D	0000	15
		_EUSART_Write  		CODE           	01FC	0000	10
		_EUSART_Initialize		CODE           	027E	0000	34
		_EUSART_SetFramingErrorHandler		CODE           	01C6	0000	6
		_EUSART_SetErrorHandler		CODE           	01C0	0000	6
		_EUSART_SetOverrunErrorHandler		CODE           	01CC	0000	6
		_EUSART_is_rx_ready		CODE           	01BB	0000	5

mcc_generated_files/eusart.c estimated size: 82

main.c
		_displayOne    		CODE           	01D2	0000	7
		_displayTwo    		CODE           	0224	0000	10
		_displaySix    		CODE           	022E	0000	11
		_displayNine   		CODE           	0210	0000	10
		_displayFive   		CODE           	0206	0000	10
		_displayRoll   		CODE           	02F6	0000	61
		_displayZero   		CODE           	0239	0000	11
		_displayFour   		CODE           	01EA	0000	9
		_displayThree  		CODE           	021A	0000	10
		_displayClear  		CODE           	01E1	0000	9
		_displaySeven  		CODE           	01F3	0000	9
		_displayEight  		CODE           	0244	0000	12
		_main          		CODE           	0333	0000	66
		_selectDIG     		CODE           	02A0	0000	37
		_displayLotteryResult		CODE           	0481	0000	890
		_displaySegments		CODE           	03C9	0000	89

main.c estimated size: 1251

